ERROR, line 4: expected OBRACE, but encountered SEMICOLON
