ERROR, line 11: expected ID_TYPE, but encountered CLASS_KEYWORD
