ERROR, line 4: expected SEMICOLON, but encountered ID_TYPE
