ERROR, line 4: expected CBRACKET, but encountered SEMICOLON
