ERROR, line 3: expected ID_TYPE, but encountered OBRACE
