ERROR, line 6: expected CBRACE, but encountered END_OF_INPUT
