ERROR, line 7: expected CPAREN, but encountered INTEGER_TYPE
