ERROR, line 4: expected CPAREN, but encountered ID_TYPE
