ERROR, line 3: expected ID_TYPE, but encountered MINUS_BINARY
