ERROR, line 5: expected SEMICOLON, but encountered OBRACKET
