ERROR, line 4: expected CBRACE, but encountered END_OF_INPUT
