ERROR, line 3: expected OPAREN, but encountered CPAREN
