ERROR, line 4: expected OPAREN, but encountered ID_TYPE
