ERROR, line 4: expected CPAREN, but encountered OBRACE
