ERROR, line 4: expected expression, but encountered AND
