ERROR, line 4: expected OPAREN, but encountered CLASS_KEYWORD
