ERROR, line 4: expected expression, but encountered LESSER_EQUALS_COMPARATOR
