ERROR, line 3: expected CPAREN, but encountered OBRACE
