ERROR, line 3: expected expression, but encountered SEMICOLON
