ERROR, line 4: expected ID_TYPE, but encountered SEMICOLON
