ERROR, line 4: expected OBRACE, but encountered ID_TYPE
