ERROR, line 4: expected CPAREN, but encountered LESSER_EQUALS_COMPARATOR
