IF_KEYWORD
ELSE_KEYWORD
FOR_KEYWORD
WHILE_KEYWORD
FUNCTION_KEYWORD
VAR_KEYWORD
RETURN_KEYWORD
BREAK_KEYWORD
CONTINUE_KEYWORD
CLASS_KEYWORD
LAMBDA_KEYWORD
VOID_KEYWORD
BOOLEAN_TYPE
BOOLEAN_TYPE
NULL_TYPE
END_OF_INPUT
