PLUS_BINARY
MINUS_BINARY
TIMES_BINARY
DIVIDE_BINARY
POW_BINARY
MODULO_BINARY
ASSIGN_BINARY
PLUS_ASSIGN_BINARY
MINUS_ASSIGN_BINARY
TIMES_ASSIGN_BINARY
DIVIDE_ASSIGN_BINARY
POW_ASSIGN_BINARY
MODULO_ASSIGN_BINARY
DOT_BINARY
INCREMENT_UNARY
DECREMENT_UNARY
NEGATE_UNARY
EQUALS_COMPARATOR
NOT_EQUALS_COMPARATOR
GREATER_THAN_COMPARATOR
LESSER_THAN_COMPARATOR
GREATER_EQUALS_COMPARATOR
LESSER_EQUALS_COMPARATOR
AND
OR
XOR
END_OF_INPUT
