OPAREN
CPAREN
OBRACE
CBRACE
COMMA
COLON
SEMICOLON
END_OF_INPUT
