CLASS_KEYWORD
ID_TYPE Rectangle
OBRACE
VAR_KEYWORD
ID_TYPE width
SEMICOLON
VAR_KEYWORD
ID_TYPE height
SEMICOLON
CBRACE
END_OF_INPUT
