INTEGER_TYPE 1234567890
INTEGER_TYPE 0
MINUS_BINARY
INTEGER_TYPE 1
MINUS_BINARY
INTEGER_TYPE 2
MINUS_BINARY
INTEGER_TYPE 100
MINUS_BINARY
INTEGER_TYPE 5000
MINUS_BINARY
INTEGER_TYPE 1234567890
REAL_TYPE 0.000000
REAL_TYPE 3.141590
REAL_TYPE 123.456789
MINUS_BINARY
REAL_TYPE 0.100000
MINUS_BINARY
REAL_TYPE 5.123000
MINUS_BINARY
REAL_TYPE 3.141590
MINUS_BINARY
REAL_TYPE 0.050000
MINUS_BINARY
REAL_TYPE 5.000000
STRING_TYPE "This is a standard string"
STRING_TYPE "   some spaces before"
STRING_TYPE "some spaces after  "
STRING_TYPE "some    random spaces   "
STRING_TYPE ""this is a quote""
STRING_TYPE "and\or"
BOOLEAN_TYPE
BOOLEAN_TYPE
NULL_TYPE
END_OF_INPUT
