FOR_KEYWORD
OPAREN
VAR_KEYWORD
ID_TYPE i
ASSIGN_BINARY
INTEGER_TYPE 0
SEMICOLON
ID_TYPE i
LESSER_THAN_COMPARATOR
ID_TYPE length
SEMICOLON
ID_TYPE i
INCREMENT_UNARY
CPAREN
OBRACE
CBRACE
WHILE_KEYWORD
OPAREN
ID_TYPE i
LESSER_THAN_COMPARATOR
ID_TYPE length
CPAREN
OBRACE
CBRACE
END_OF_INPUT
