FUNCTION_KEYWORD
ID_TYPE f
OPAREN
CPAREN
OBRACE
RETURN_KEYWORD
LAMBDA_KEYWORD
OPAREN
ID_TYPE x
COMMA
ID_TYPE y
CPAREN
OBRACE
ID_TYPE x
PLUS_BINARY
ID_TYPE y
SEMICOLON
CBRACE
SEMICOLON
CBRACE
END_OF_INPUT
