REAL_TYPE 3.141590
REAL_TYPE 0.500000
REAL_TYPE 5.000000
REAL_TYPE 123.456000
ERROR, line 8: BAD_NUMBER
