IMPORT
STRING_TYPE "../this/is/a/file/path/filename.bah"
END_OF_INPUT
