VAR_KEYWORD
ID_TYPE x
ASSIGN_BINARY
INTEGER_TYPE 7
SEMICOLON
ID_TYPE x
ASSIGN_BINARY
INTEGER_TYPE 10
SEMICOLON
VAR_KEYWORD
ID_TYPE y
ASSIGN_BINARY
REAL_TYPE 10.600000
SEMICOLON
ID_TYPE y
ASSIGN_BINARY
ID_TYPE y
PLUS_BINARY
ID_TYPE x
SEMICOLON
ID_TYPE y
PLUS_ASSIGN_BINARY
INTEGER_TYPE 2
SEMICOLON
VAR_KEYWORD
ID_TYPE isOdd
ASSIGN_BINARY
BOOLEAN_TYPE
SEMICOLON
VAR_KEYWORD
ID_TYPE isEven
ASSIGN_BINARY
BOOLEAN_TYPE
SEMICOLON
ID_TYPE isOdd
ASSIGN_BINARY
NEGATE_UNARY
ID_TYPE isEven
SEMICOLON
ID_TYPE isEven
ASSIGN_BINARY
NEGATE_UNARY
ID_TYPE isOdd
SEMICOLON
VAR_KEYWORD
ID_TYPE nullify
ASSIGN_BINARY
NULL_TYPE
SEMICOLON
END_OF_INPUT
