FUNCTION_KEYWORD
ID_TYPE isOdd
OPAREN
VAR_KEYWORD
ID_TYPE num
CPAREN
OBRACE
RETURN_KEYWORD
ID_TYPE num
MODULO_BINARY
INTEGER_TYPE 2
EQUALS_COMPARATOR
INTEGER_TYPE 0
SEMICOLON
CBRACE
VAR_KEYWORD
ID_TYPE odd?
ASSIGN_BINARY
ID_TYPE isOdd
OPAREN
INTEGER_TYPE 5
CPAREN
SEMICOLON
END_OF_INPUT
