IF_KEYWORD
OPAREN
ID_TYPE num
EQUALS_COMPARATOR
INTEGER_TYPE 0
CPAREN
OBRACE
RETURN_KEYWORD
INTEGER_TYPE 0
SEMICOLON
CBRACE
ELSE_KEYWORD
IF_KEYWORD
OPAREN
ID_TYPE isOdd?
OPAREN
ID_TYPE num
CPAREN
CPAREN
OBRACE
RETURN_KEYWORD
INTEGER_TYPE 1
SEMICOLON
CBRACE
ELSE_KEYWORD
OBRACE
RETURN_KEYWORD
INTEGER_TYPE 2
SEMICOLON
CBRACE
END_OF_INPUT
