ERROR, line 4: expected VOID_KEYWORD, but encountered CPAREN
