ERROR, line 4: expected OPAREN, but encountered VAR_KEYWORD
