import "file.ext"
import "stdio.bah"
import "this/is/a/file_path/name.extension"
import "../../name.bah"
