ERROR, line 3: expected SEMICOLON, but encountered ID_TYPE
