ERROR, line 3: expected OBRACE, but encountered CBRACE
