ERROR, line 7: expected CBRACE, but encountered END_OF_INPUT
