ERROR, line 4: expected CPAREN, but encountered SEMICOLON
